// Jest Snapshot v1, https://goo.gl/fbAQLP

exports[`search-input.component test search-input.component should match snapshot 1`] = `
<View
  style={
    Object {
      "alignItems": "center",
      "borderColor": "#585858",
      "borderRadius": 10,
      "borderWidth": 1,
      "flexDirection": "row",
      "height": 50,
      "justifyContent": "space-between",
      "margin": 10,
      "padding": 5,
    }
  }
>
  <TextInput
    placeholder="Search..."
    style={
      Object {
        "flex": 1,
        "fontSize": 18,
      }
    }
    testID="search-input"
    value="python"
  />
  <Text
    allowFontScaling={false}
    style={
      Array [
        Object {
          "color": "#585858",
          "fontSize": 25,
        },
        undefined,
        Object {
          "fontFamily": "Ionicons",
          "fontStyle": "normal",
          "fontWeight": "normal",
        },
        Object {},
      ]
    }
  >
    ï”…
  </Text>
</View>
`;
